============================= test session starts =============================
platform win32 -- Python 3.12.10, pytest-9.0.3, pluggy-1.6.0
rootdir: D:\Siva\Books\CAREER\HACKATHON\Gen_AI_APAC_2026\ElectraLensAI
configfile: pyproject.toml
plugins: anyio-4.13.0, asyncio-1.3.0, cov-7.1.0
asyncio: mode=Mode.AUTO, debug=False, asyncio_default_fixture_loop_scope=None, asyncio_default_test_loop_scope=function
collected 4 items

tests\integration\test_backend_integrity.py ..DEBUG: update_job any blob: None
DEBUG: update_job invalid blob: None
.DEBUG: update_job ab23d4c1-b7e8-46c1-be27-78660eb6a93c blob: <test_backend_integrity.DummyBlob object at 0x0000015BEDE7E8D0>
DEBUG: update_job ab23d4c1-b7e8-46c1-be27-78660eb6a93c blob: <test_backend_integrity.DummyBlob object at 0x0000015BEDE7E8D0>
DEBUG: update_job ab23d4c1-b7e8-46c1-be27-78660eb6a93c blob: <MagicMock id='1494343821232'>
DEBUG: update_job non-existent-2 blob: None
DEBUG: update_job non-existent blob: <test_backend_integrity.DummyBlob object at 0x0000015BEDE23D70>
.
ERROR: Coverage failure: total of 78 is less than fail-under=100


============================== warnings summary ===============================
C:\Users\USER\AppData\Local\Programs\Python\Python312\Lib\site-packages\authlib\_joserfc_helpers.py:8
  C:\Users\USER\AppData\Local\Programs\Python\Python312\Lib\site-packages\authlib\_joserfc_helpers.py:8: AuthlibDeprecationWarning: authlib.jose module is deprecated, please use joserfc instead.
  It will be compatible before version 2.0.0.
    from authlib.jose import ECKey

C:\Users\USER\AppData\Local\Programs\Python\Python312\Lib\site-packages\google\adk\features\_feature_decorator.py:72
  C:\Users\USER\AppData\Local\Programs\Python\Python312\Lib\site-packages\google\adk\features\_feature_decorator.py:72: UserWarning: [EXPERIMENTAL] feature FeatureName.PLUGGABLE_AUTH is enabled.
    check_feature_enabled()

-- Docs: https://docs.pytest.org/en/stable/how-to/capture-warnings.html
=============================== tests coverage ================================
______________ coverage: platform win32, python 3.12.10-final-0 _______________

Name                                   Stmts   Miss Branch BrPart  Cover   Missing
----------------------------------------------------------------------------------
api\__init__.py                            2      0      0      0   100%
api\app.py                                29      0      0      0   100%
api\config.py                             19      5      0      0    74%   29-33
api\genai_client.py                       17      0      0      0   100%
api\live_tools.py                         11     11      0      0     0%   3-33
api\middleware.py                         13      0      0      0   100%
api\routers\__init__.py                    0      0      0      0   100%
api\routers\agent_router.py               50     14      0      0    72%   79-146, 172
api\routers\audit_router.py               16      0      0      0   100%
api\routers\health_router.py              11      0      0      0   100%
api\routers\imagen_router.py              14      2      0      0    86%   25-26
api\routers\live_router.py                58      4      2      0    93%   30, 186-188
api\routers\multimedia_router.py          31      7      2      1    76%   31-33, 46-48, 56
api\services\__init__.py                   0      0      0      0   100%
api\services\analytics_service.py         35     19      2      0    43%   57-66, 73-96
api\services\cloud_logger.py              17      2      0      0    88%   34, 39
api\services\dlp_service.py               24     12      2      1    50%   23-24, 35-81
api\services\i18n_service.py              31      5      4      2    80%   30, 49-53
api\services\job_service.py               65      0     16      0   100%
api\services\multimedia_service.py       123     67      6      1    44%   68, 85-91, 102-116, 123-160, 189-197, 202-204, 232-279
api\services\pubsub_service.py            34      5      2      0    86%   34-35, 41, 60-61
api\services\translation_service.py       20      0      4      0   100%
electra_agents\__init__.py                 2      0      0      0   100%
electra_agents\ballot_scribe.py            5      0      0      0   100%
electra_agents\caching_service.py         17      0      2      0   100%
electra_agents\memory.py                  22      0      0      0   100%
electra_agents\orchestrator.py             8      0      0      0   100%
electra_agents\root_agent.py              14      0      2      0   100%
electra_agents\rumor_guard.py              6      0      0      0   100%
electra_agents\simulation_engine.py        5      0      0      0   100%
electra_agents\timeline_architect.py       5      0      0      0   100%
electra_agents\tools.py                   13      0      0      0   100%
----------------------------------------------------------------------------------
TOTAL                                    717    153     44      5    78%
FAIL Required test coverage of 100% not reached. Total coverage: 78.45%
======================= 4 passed, 2 warnings in 16.62s ========================
